<?xml version="1.0" encoding="UTF-8"?>
<testsuites name="Mocha Tests" time="47.782" tests="2" failures="0">
  <testsuite name="Root Suite" timestamp="2024-02-03T12:45:41" tests="0" file="cypress\e2e\Chrome\test-chrome.cy.js" time="0.000" failures="0">
  </testsuite>
  <testsuite name="Verifier Website - Тест загрузки страницы" timestamp="2024-02-03T12:45:41" tests="2" time="47.779" failures="0">
    <testcase name="Verifier Website - Тест загрузки страницы Открыта страница сайта sqlverifier-live" time="45.089" classname="Открыта страница сайта sqlverifier-live">
    </testcase>
    <testcase name="Verifier Website - Тест загрузки страницы Авторизован под зарегистрированным пользователем" time="2.623" classname="Авторизован под зарегистрированным пользователем">
    </testcase>
  </testsuite>
</testsuites>